INFO         | Android emulator version 36.3.10.0 (build_id 14472402) (CL:N/A)
INFO         | Graphics backend: gfxstream
INFO         | Found systemPath C:\Users\gevor\AppData\Local\Android\Sdk\system-images\android-35\google_apis_playstore\x86_64\
INFO         | Increasing RAM size to 3072MB
INFO         | IPv4 server found: 192.168.1.1
INFO         | Ignore IPv6 address: a874:5cbd:a801:0:906e:5cbd:a801:0
INFO         | Ignore IPv6 address: a874:5cbd:a801:0:906e:5cbd:a801:0
INFO         | Ignore IPv6 address: a874:5cbd:a801:0:906e:5cbd:a801:0
INFO         | Ignore IPv6 address: c07a:5cbd:a801:0:906e:5cbd:a801:0
INFO         | Ignore IPv6 address: c07a:5cbd:a801:0:906e:5cbd:a801:0
INFO         | Ignore IPv6 address: c07a:5cbd:a801:0:906e:5cbd:a801:0
INFO         | Ignore IPv6 address: b888:5cbd:a801:0:906e:5cbd:a801:0
INFO         | Ignore IPv6 address: b888:5cbd:a801:0:906e:5cbd:a801:0
INFO         | Ignore IPv6 address: b888:5cbd:a801:0:906e:5cbd:a801:0
INFO         | Guest GLES Driver: Auto (ext controls)
library_mode swiftshader_indirect gpu mode swiftshader_indirect
INFO         | Checking system compatibility:
INFO         |   Checking: hasCompatibleHypervisor
INFO         |      Ok: Hypervisor compatibility to run avd: `Pixel_9_Pro` are met
INFO         |   Checking: hasSufficientSystem
INFO         |      Ok: System requirements to run avd: `Pixel_9_Pro` are met
INFO         |   Checking: hasSufficientHwGpu
INFO         |      Ok: Hardware GPU compatibility checks are not required
INFO         |   Checking: hasSufficientDiskSpace
INFO         |      Ok: Disk space requirements to run avd: `Pixel_9_Pro` are met
INFO         | Storing crashdata in: C:\Users\gevor\AppData\Local\Temp\\AndroidEmulator\emu-crash-36.3.10.db, detection is enabled for process: 55740
INFO         | Initializing gfxstream backend
INFO         | android_startOpenglesRenderer: gpu info
INFO         | GPU #1
  Make: 10de
  Model: NVIDIA GeForce RTX 4050 Laptop GPU
  Device ID: 28e1

INFO         | initIcdPaths: ICD set to 'swiftshader', using Swiftshader ICD
INFO         | Setting ICD filenames for the loader = C:\Users\gevor\AppData\Local\Android\Sdk\emulator\lib64\vulkan\vk_swiftshader_icd.json
INFO         | SharedLibrary::open for [vulkan-1.dll]
INFO         | SharedLibrary::open for [vulkan-1.dll]: not found in map, open for the first time
INFO         | SharedLibrary::open for [vulkan-1.dll] (win32): call LoadLibrary
INFO         | SharedLibrary::open succeeded for [vulkan-1.dll]. File name: [C:\WINDOWS\SYSTEM32\vulkan-1.dll]
INFO         | Added library: vulkan-1.dll
INFO         | Selecting Vulkan device: SwiftShader Device (LLVM 10.0.0), Version: 1.2.0
INFO         | Disabling sparse binding feature support
INFO         | SharedLibrary::open for [libGLESv2.dll]: not found in map, open for the first time
INFO         | SharedLibrary::open for [libGLESv2.dll] (win32): call LoadLibrary
INFO         | SharedLibrary::open succeeded for [libGLESv2.dll]. File name: [C:\WINDOWS\SYSTEM32\libGLESv2.dll]
INFO         | SharedLibrary::open for [libEGL.dll]: not found in map, open for the first time
INFO         | SharedLibrary::open for [libEGL.dll] (win32): call LoadLibrary
INFO         | SharedLibrary::open succeeded for [libEGL.dll]. File name: [C:\WINDOWS\SYSTEM32\libEGL.dll]
INFO         | Initializing VkEmulation features:
INFO         |     glInteropSupported: false
INFO         |     useDeferredCommands: true
INFO         |     createResourceWithRequirements: true
INFO         |     useVulkanComposition: false
INFO         |     useVulkanNativeSwapchain: false
INFO         |     enable guestRenderDoc: false
INFO         |     ASTC LDR emulation mode: Gpu
INFO         |     enable ETC2 emulation: true
INFO         |     enable Ycbcr emulation: false
INFO         |     guestVulkanOnly: false
INFO         |     useDedicatedAllocations: false
INFO         | Graphics Adapter Vendor Google (Google Inc. (NVIDIA))
INFO         | Graphics Adapter Android Emulator OpenGL ES Translator (ANGLE (NVIDIA, NVIDIA GeForce RTX 4050 Laptop GPU Direct3D11 vs_5_0 ps_5_0, D3D11-32.0.15.9649))
INFO         | Graphics API Version OpenGL ES 3.0 (OpenGL ES 3.0.0 (ANGLE 2.1.17734 git hash: 1bd1a3db1c60))
INFO         | Graphics API Extensions GL_OES_EGL_sync GL_OES_EGL_image GL_OES_EGL_image_external GL_OES_depth24 GL_OES_depth32 GL_OES_element_index_uint GL_OES_texture_float GL_OES_texture_float_linear GL_OES_compressed_paletted_texture GL_OES_compressed_ETC1_RGB8_texture GL_OES_depth_texture GL_OES_texture_half_float GL_OES_texture_half_float_linear GL_OES_packed_depth_stencil GL_OES_standard_derivatives GL_OES_texture_npot GL_OES_rgb8_rgba8 GL_OVR_multiview2 GL_EXT_color_buffer_float GL_EXT_color_buffer_half_float GL_EXT_texture_format_BGRA8888 GL_APPLE_texture_format_BGRA8888 GL_EXT_draw_buffers_indexed 
INFO         | Graphics Device Extensions N/A
INFO         | Sending adb public key [QAAAAMWCZRbzUzMb/plPJxX9PZj6QQmgS81ZUJrQwYI17moMPTf6AebluK1a6rAWeM0j4qeO/ZHU1A0TpRcqBHtSQrBtPWeZCWCQNEKxTo8eIkGlek6Ft9mXl1R1XGBLXQXV20wJ4DNPBmeZp8yLwNPEvhGXoHSTfWgxkYvLakAKkqCuk5UH6ZUxwaeLJh5kskhmzyKszGjPXKuc53Wop3IkDDKUBuW58SIUntWetiysMGhUYXpWza/6qaT11ADdBW4kQOT3TiNuFsRrG7DnHSjecuP97HzhaYp/eLXNMvy1bxKhBmnEdrOvIa0xCsx4cPZfN8njnVl1Npx4vxgzv50xTUsWJlSIsPKxOS8Xy2594EM9gO0HMyxh4uyiGOhmoaS2W3gTqcgwwz3iLV1cj44UEgTZ+OwqII36ByMl/I6eEPPBqm8uNDBHA7Ng2gKJN6w6oXtJ5E3oNMza6/LpqCPlKXC/Wvq77HLZM2rNr3a1bqGUxaTdcLDjTch2BrdSbkQ4a8GlLKc9+brh5Xdntx+TXNusm5/V+yfrJz6tq0M0lb4PIiuIf2T2JRs7fdM2puTNjkgHxODUmGHKeMqU7IxsRtlN6PNKvjsx+S8Js9BY55bkJaYl82uVfydww0DlWjceViSPNMldLz+R9Y/lv7I/Evd+fKibhPohlGD6bpv4yEFIBKviRwEAAQA= @unknown]
INFO         | Userspace boot properties:
INFO         |   androidboot.boot_devices=pci0000:00/0000:00:03.0 pci0000:00/0000:00:06.0
INFO         |   androidboot.dalvik.vm.heapsize=576m
INFO         |   androidboot.debug.hwui.renderer=skiagl
INFO         |   androidboot.debug.sf.nobootanimation=1
INFO         |   androidboot.hardware=ranchu
INFO         |   androidboot.hardware.gltransport=pipe
INFO         |   androidboot.hardware.vulkan=ranchu
INFO         |   androidboot.logcat=*:V
INFO         |   androidboot.opengles.version=196609
INFO         |   androidboot.qemu=1
INFO         |   androidboot.qemu.adb.pubkey=QAAAAMWCZRbzUzMb/plPJxX9PZj6QQmgS81ZUJrQwYI17moMPTf6AebluK1a6rAWeM0j4qeO/ZHU1A0TpRcqBHtSQrBtPWeZCWCQNEKxTo8eIkGlek6Ft9mXl1R1XGBLXQXV20wJ4DNPBmeZp8yLwNPEvhGXoHSTfWgxkYvLakAKkqCuk5UH6ZUxwaeLJh5kskhmzyKszGjPXKuc53Wop3IkDDKUBuW58SIUntWetiysMGhUYXpWza/6qaT11ADdBW4kQOT3TiNuFsRrG7DnHSjecuP97HzhaYp/eLXNMvy1bxKhBmnEdrOvIa0xCsx4cPZfN8njnVl1Npx4vxgzv50xTUsWJlSIsPKxOS8Xy2594EM9gO0HMyxh4uyiGOhmoaS2W3gTqcgwwz3iLV1cj44UEgTZ+OwqII36ByMl/I6eEPPBqm8uNDBHA7Ng2gKJN6w6oXtJ5E3oNMza6/LpqCPlKXC/Wvq77HLZM2rNr3a1bqGUxaTdcLDjTch2BrdSbkQ4a8GlLKc9+brh5Xdntx+TXNusm5/V+yfrJz6tq0M0lb4PIiuIf2T2JRs7fdM2puTNjkgHxODUmGHKeMqU7IxsRtlN6PNKvjsx+S8Js9BY55bkJaYl82uVfydww0DlWjceViSPNMldLz+R9Y/lv7I/Evd+fKibhPohlGD6bpv4yEFIBKviRwEAAQA= @unknown
INFO         |   androidboot.qemu.avd_name=Pixel_9_Pro
INFO         |   androidboot.qemu.camera_hq_edge_processing=0
INFO         |   androidboot.qemu.camera_protocol_ver=1
INFO         |   androidboot.qemu.cpuvulkan.version=4202496
INFO         |   androidboot.qemu.gltransport.drawFlushInterval=800
INFO         |   androidboot.qemu.gltransport.name=pipe
INFO         |   androidboot.qemu.hwcodec.avcdec=2
INFO         |   androidboot.qemu.hwcodec.hevcdec=2
INFO         |   androidboot.qemu.hwcodec.vpxdec=2
INFO         |   androidboot.qemu.settings.system.screen_off_timeout=2147483647
INFO         |   androidboot.qemu.virtiowifi=1
INFO         |   androidboot.qemu.vsync=60
INFO         |   androidboot.serialno=EMULATOR36X3X10X0
INFO         |   androidboot.vbmeta.digest=9b597927025d4f62f4594a14632a8d3763239f29c0b7af229e0b6ebcddcdea60
INFO         |   androidboot.vbmeta.hash_alg=sha256
INFO         |   androidboot.vbmeta.size=6720
INFO         |   androidboot.veritymode=enforcing
WHPX on Windows 10.0.26200 detected.
Windows Hypervisor Platform accelerator is operational
INFO         | Monitoring duration of emulator setup.
WARNING      | The emulator now requires a signed jwt token for gRPC access! Use the -grpc flag if you really want an open unprotected grpc port
INFO         | Using security allow list from: C:\Users\gevor\AppData\Local\Android\Sdk\emulator\lib\emulator_access.json
WARNING      | *** Basic token auth should only be used by android-studio ***
INFO         | The active JSON Web Key Sets can be found here: C:\Users\gevor\AppData\Local\Temp\avd\running\55740\jwks\9620e75e-be6d-4d50-92f4-3c9f58b99ba2\active.jwk
INFO         | Scanning C:\Users\gevor\AppData\Local\Temp\avd\running\55740\jwks\9620e75e-be6d-4d50-92f4-3c9f58b99ba2 for jwk keys.
INFO         | Started GRPC server at 127.0.0.1:8554, security: Local, auth: +token
INFO         | Advertising in: C:\Users\gevor\AppData\Local\Temp\avd\running\pid_55740.ini
INFO         | Setting display: 0 configuration to: 1280x2856, dpi: 480x480 
INFO         | setDisplayActiveConfig 0
USER_INFO    | Emulator is performing a full startup. This may take upto two minutes, or more.
INFO         | Activated packet streamer for bluetooth emulation
