INFO         | Android emulator version 36.3.10.0 (build_id 14472402) (CL:N/A)
INFO         | Graphics backend: gfxstream
INFO         | Found systemPath C:\Users\gevor\AppData\Local\Android\Sdk\system-images\android-33\google_apis\x86_64\
INFO         | Increasing RAM size to 2048MB
INFO         | IPv4 server found: 192.168.1.1
INFO         | Ignore IPv6 address: 78a7:7c43:3501:0:60a1:7c43:3501:0
INFO         | Ignore IPv6 address: 78a7:7c43:3501:0:60a1:7c43:3501:0
INFO         | Ignore IPv6 address: 78a7:7c43:3501:0:60a1:7c43:3501:0
INFO         | Ignore IPv6 address: 90ad:7c43:3501:0:60a1:7c43:3501:0
INFO         | Ignore IPv6 address: 90ad:7c43:3501:0:60a1:7c43:3501:0
INFO         | Ignore IPv6 address: 90ad:7c43:3501:0:60a1:7c43:3501:0
INFO         | Ignore IPv6 address: 88bb:7c43:3501:0:60a1:7c43:3501:0
INFO         | Ignore IPv6 address: 88bb:7c43:3501:0:60a1:7c43:3501:0
INFO         | Ignore IPv6 address: 88bb:7c43:3501:0:60a1:7c43:3501:0
INFO         | Guest GLES Driver: Auto (ext controls)
library_mode host gpu mode host
INFO         | emuglConfig_get_vulkan_hardware_gpu_support_info: Found physical GPU 'NVIDIA GeForce RTX 4050 Laptop GPU', type: VK_PHYSICAL_DEVICE_TYPE_DISCRETE_GPU, apiVersion: 1.4.329, driverVersion: 596.49

INFO         | emuglConfig_get_vulkan_hardware_gpu_support_info: Found physical GPU 'Microsoft Direct3D12 (NVIDIA GeForce RTX 4050 Laptop GPU)', type: VK_PHYSICAL_DEVICE_TYPE_DISCRETE_GPU, apiVersion: 1.2.350, driverVersion: 26.0

INFO         | emuglConfig_get_vulkan_hardware_gpu_support_info: Found physical GPU 'Intel(R) UHD Graphics 770', type: VK_PHYSICAL_DEVICE_TYPE_INTEGRATED_GPU, apiVersion: 1.3.238, driverVersion: 0.405.50

INFO         | emuglConfig_get_vulkan_hardware_gpu_support_info: Found physical GPU 'Microsoft Direct3D12 (Intel(R) UHD Graphics)', type: VK_PHYSICAL_DEVICE_TYPE_INTEGRATED_GPU, apiVersion: 1.2.350, driverVersion: 26.1.99

INFO         | emuglConfig_get_vulkan_hardware_gpu_support_info: Found physical GPU 'Microsoft Direct3D12 (Microsoft Basic Render Driver)', type: VK_PHYSICAL_DEVICE_TYPE_CPU, apiVersion: 1.2.350, driverVersion: 26.1.99

INFO         | GPU device local memory = 5920MB
INFO         | Checking system compatibility:
INFO         |   Checking: hasCompatibleHypervisor
INFO         |      Ok: Hypervisor compatibility to run avd: `ChatCloud_API33_QA` are met
INFO         |   Checking: hasSufficientSystem
INFO         |      Ok: System requirements to run avd: `ChatCloud_API33_QA` are met
INFO         |   Checking: hasSufficientHwGpu
INFO         |      Ok: Hardware GPU requirements to run avd: `ChatCloud_API33_QA` are passed
INFO         |   Checking: hasSufficientDiskSpace
INFO         |      Ok: Disk space requirements to run avd: `ChatCloud_API33_QA` are met
INFO         | Critical: Failed to load opengl32sw (The specified module could not be found.) (:0, )
INFO         | Warning: Software OpenGL failed. Falling back to system OpenGL. (:0, )
INFO         | Storing crashdata in: C:\Users\gevor\AppData\Local\Temp\\AndroidEmulator\emu-crash-36.3.10.db, detection is enabled for process: 77848
INFO         | Initializing gfxstream backend
INFO         | android_startOpenglesRenderer: gpu info
INFO         | GPU #1
  Make: 10de
  Model: NVIDIA GeForce RTX 4050 Laptop GPU
  Device ID: 28e1

INFO         | SharedLibrary::open for [vulkan-1.dll]
INFO         | SharedLibrary::open for [vulkan-1.dll]: not found in map, open for the first time
INFO         | SharedLibrary::open for [vulkan-1.dll] (win32): call LoadLibrary
INFO         | SharedLibrary::open succeeded for [vulkan-1.dll]. File name: [C:\WINDOWS\SYSTEM32\vulkan-1.dll]
INFO         | Added library: vulkan-1.dll
INFO         | Selecting Vulkan device: NVIDIA GeForce RTX 4050 Laptop GPU, Version: 1.4.329
INFO         | Disabling sparse binding feature support
INFO         | SharedLibrary::open for [opengl32.dll]: not found in map, open for the first time
INFO         | SharedLibrary::open for [opengl32.dll] (win32): call LoadLibrary
INFO         | SharedLibrary::open succeeded for [opengl32.dll]. File name: [C:\WINDOWS\SYSTEM32\opengl32.DLL]
INFO         | SharedLibrary::open for [libshadertranslator.dll]: not found in map, open for the first time
INFO         | SharedLibrary::open for [libshadertranslator.dll] (win32): call LoadLibrary
INFO         | SharedLibrary::open succeeded for [libshadertranslator.dll]. File name: [C:\Users\gevor\AppData\Local\Android\Sdk\emulator\lib64\libshadertranslator.dll]
INFO         | Initializing VkEmulation features:
INFO         |     glInteropSupported: true
INFO         |     useDeferredCommands: true
INFO         |     createResourceWithRequirements: true
INFO         |     useVulkanComposition: false
INFO         |     useVulkanNativeSwapchain: false
INFO         |     enable guestRenderDoc: false
INFO         |     ASTC LDR emulation mode: Gpu
INFO         |     enable ETC2 emulation: true
INFO         |     enable Ycbcr emulation: false
INFO         |     guestVulkanOnly: false
INFO         |     useDedicatedAllocations: false
INFO         | Graphics Adapter Vendor Google (NVIDIA Corporation)
INFO         | Graphics Adapter Android Emulator OpenGL ES Translator (NVIDIA GeForce RTX 4050 Laptop GPU/PCIe/SSE2)
INFO         | Graphics API Version OpenGL ES 3.0 (4.5.0 NVIDIA 596.49)
INFO         | Graphics API Extensions GL_OES_EGL_sync GL_OES_EGL_image GL_OES_EGL_image_external GL_OES_depth24 GL_OES_depth32 GL_OES_element_index_uint GL_OES_texture_float GL_OES_texture_float_linear GL_OES_compressed_paletted_texture GL_OES_compressed_ETC1_RGB8_texture GL_OES_depth_texture GL_OES_texture_half_float GL_OES_texture_half_float_linear GL_OES_packed_depth_stencil GL_OES_vertex_half_float GL_OES_texture_npot GL_OES_rgb8_rgba8 GL_OVR_multiview2 GL_EXT_multiview_texture_multisample GL_EXT_color_buffer_float GL_EXT_color_buffer_half_float GL_EXT_texture_format_BGRA8888 GL_APPLE_texture_format_BGRA8888 GL_EXT_texture_buffer 
INFO         | Graphics Device Extensions N/A
INFO         | Sending adb public key [QAAAAMWCZRbzUzMb/plPJxX9PZj6QQmgS81ZUJrQwYI17moMPTf6AebluK1a6rAWeM0j4qeO/ZHU1A0TpRcqBHtSQrBtPWeZCWCQNEKxTo8eIkGlek6Ft9mXl1R1XGBLXQXV20wJ4DNPBmeZp8yLwNPEvhGXoHSTfWgxkYvLakAKkqCuk5UH6ZUxwaeLJh5kskhmzyKszGjPXKuc53Wop3IkDDKUBuW58SIUntWetiysMGhUYXpWza/6qaT11ADdBW4kQOT3TiNuFsRrG7DnHSjecuP97HzhaYp/eLXNMvy1bxKhBmnEdrOvIa0xCsx4cPZfN8njnVl1Npx4vxgzv50xTUsWJlSIsPKxOS8Xy2594EM9gO0HMyxh4uyiGOhmoaS2W3gTqcgwwz3iLV1cj44UEgTZ+OwqII36ByMl/I6eEPPBqm8uNDBHA7Ng2gKJN6w6oXtJ5E3oNMza6/LpqCPlKXC/Wvq77HLZM2rNr3a1bqGUxaTdcLDjTch2BrdSbkQ4a8GlLKc9+brh5Xdntx+TXNusm5/V+yfrJz6tq0M0lb4PIiuIf2T2JRs7fdM2puTNjkgHxODUmGHKeMqU7IxsRtlN6PNKvjsx+S8Js9BY55bkJaYl82uVfydww0DlWjceViSPNMldLz+R9Y/lv7I/Evd+fKibhPohlGD6bpv4yEFIBKviRwEAAQA= @unknown]
INFO         | Userspace boot properties:
INFO         |   androidboot.boot_devices=pci0000:00/0000:00:03.0 pci0000:00/0000:00:06.0
INFO         |   androidboot.dalvik.vm.heapsize=512m
INFO         |   androidboot.debug.hwui.renderer=skiagl
INFO         |   androidboot.debug.sf.nobootanimation=1
INFO         |   androidboot.hardware=ranchu
INFO         |   androidboot.hardware.gltransport=pipe
INFO         |   androidboot.hardware.vulkan=ranchu
INFO         |   androidboot.logcat=*:V
INFO         |   androidboot.opengles.version=196609
INFO         |   androidboot.qemu=1
INFO         |   androidboot.qemu.adb.pubkey=QAAAAMWCZRbzUzMb/plPJxX9PZj6QQmgS81ZUJrQwYI17moMPTf6AebluK1a6rAWeM0j4qeO/ZHU1A0TpRcqBHtSQrBtPWeZCWCQNEKxTo8eIkGlek6Ft9mXl1R1XGBLXQXV20wJ4DNPBmeZp8yLwNPEvhGXoHSTfWgxkYvLakAKkqCuk5UH6ZUxwaeLJh5kskhmzyKszGjPXKuc53Wop3IkDDKUBuW58SIUntWetiysMGhUYXpWza/6qaT11ADdBW4kQOT3TiNuFsRrG7DnHSjecuP97HzhaYp/eLXNMvy1bxKhBmnEdrOvIa0xCsx4cPZfN8njnVl1Npx4vxgzv50xTUsWJlSIsPKxOS8Xy2594EM9gO0HMyxh4uyiGOhmoaS2W3gTqcgwwz3iLV1cj44UEgTZ+OwqII36ByMl/I6eEPPBqm8uNDBHA7Ng2gKJN6w6oXtJ5E3oNMza6/LpqCPlKXC/Wvq77HLZM2rNr3a1bqGUxaTdcLDjTch2BrdSbkQ4a8GlLKc9+brh5Xdntx+TXNusm5/V+yfrJz6tq0M0lb4PIiuIf2T2JRs7fdM2puTNjkgHxODUmGHKeMqU7IxsRtlN6PNKvjsx+S8Js9BY55bkJaYl82uVfydww0DlWjceViSPNMldLz+R9Y/lv7I/Evd+fKibhPohlGD6bpv4yEFIBKviRwEAAQA= @unknown
INFO         |   androidboot.qemu.avd_name=ChatCloud_API33_QA
INFO         |   androidboot.qemu.camera_hq_edge_processing=0
INFO         |   androidboot.qemu.camera_protocol_ver=1
INFO         |   androidboot.qemu.cpuvulkan.version=4202496
INFO         |   androidboot.qemu.gltransport.drawFlushInterval=800
INFO         |   androidboot.qemu.gltransport.name=pipe
INFO         |   androidboot.qemu.hwcodec.avcdec=2
INFO         |   androidboot.qemu.hwcodec.hevcdec=2
INFO         |   androidboot.qemu.hwcodec.vpxdec=2
INFO         |   androidboot.qemu.settings.system.screen_off_timeout=2147483647
INFO         |   androidboot.qemu.virtiowifi=1
INFO         |   androidboot.qemu.vsync=60
INFO         |   androidboot.serialno=EMULATOR36X3X10X0
INFO         |   androidboot.vbmeta.digest=cc2acf6c582b63336b71fe51ed136e1a7a577e9e868ae7ba916ef6b3965324e5
INFO         |   androidboot.vbmeta.hash_alg=sha256
INFO         |   androidboot.vbmeta.size=6592
INFO         |   androidboot.veritymode=enforcing
WHPX on Windows 10.0.26200 detected.
Windows Hypervisor Platform accelerator is operational
INFO         | Monitoring duration of emulator setup.
WARNING      | The emulator now requires a signed jwt token for gRPC access! Use the -grpc flag if you really want an open unprotected grpc port
INFO         | Using security allow list from: C:\Users\gevor\AppData\Local\Android\Sdk\emulator\lib\emulator_access.json
WARNING      | *** Basic token auth should only be used by android-studio ***
INFO         | The active JSON Web Key Sets can be found here: C:\Users\gevor\AppData\Local\Temp\avd\running\77848\jwks\303f4854-6ddd-422b-97ed-40d40a30b9b6\active.jwk
INFO         | Scanning C:\Users\gevor\AppData\Local\Temp\avd\running\77848\jwks\303f4854-6ddd-422b-97ed-40d40a30b9b6 for jwk keys.
INFO         | Started GRPC server at 127.0.0.1:8554, security: Local, auth: +token
INFO         | Advertising in: C:\Users\gevor\AppData\Local\Temp\avd\running\pid_77848.ini
INFO         | Setting display: 0 configuration to: 1080x2400, dpi: 420x420 
INFO         | setDisplayActiveConfig 0
INFO         | Checking system compatibility:
INFO         |   Checking: hasCompatibleHypervisor
INFO         |      Ok: Hypervisor compatibility to run avd: `ChatCloud_API33_QA` are met
INFO         |   Checking: hasSufficientSystem
INFO         |      Ok: System requirements to run avd: `ChatCloud_API33_QA` are met
INFO         |   Checking: hasSufficientHwGpu
INFO         |      Ok: Hardware GPU requirements to run avd: `ChatCloud_API33_QA` are passed
INFO         |   Checking: hasSufficientDiskSpace
INFO         |      Ok: Disk space requirements to run avd: `ChatCloud_API33_QA` are met
USER_INFO    | Emulator is performing a full startup. This may take upto two minutes, or more.
INFO         | Warning: QMetaObject::connectSlotsByName: No matching signal for on_rgbcSensorValueWidget_valueChanged() (:0, )
INFO         | Warning: QMetaObject::connectSlotsByName: No matching signal for on_posture_valueChanged(int) (:0, )
INFO         | AVD supportsNativeGLES=1, supportsGuestAngle=0
INFO         | Platform does not support Guest Angle
INFO         | Created extended window in 673.416ms
INFO         | Activated packet streamer for bluetooth emulation
INFO         | Critical: UpdateLayeredWindowIndirect failed for ptDst=(574, -788), size=(375x26), dirty=(375x26 0, 0) (A device attached to the system is not functioning.) (:0, )
INFO         | Boot completed in 50567 ms
INFO         | Increasing screen off timeout, logcat buffer size to 2M.
ERROR        | bad color buffer handle 64
INFO         | IPv4 server found: 192.168.1.1
INFO         | Ignore IPv6 address: 8b5:ec7d:3501:0:f0ae:ec7d:3501:0
INFO         | Ignore IPv6 address: 8b5:ec7d:3501:0:f0ae:ec7d:3501:0
INFO         | Ignore IPv6 address: 8b5:ec7d:3501:0:f0ae:ec7d:3501:0
INFO         | Ignore IPv6 address: 20bb:ec7d:3501:0:f0ae:ec7d:3501:0
INFO         | Ignore IPv6 address: 20bb:ec7d:3501:0:f0ae:ec7d:3501:0
INFO         | Ignore IPv6 address: 20bb:ec7d:3501:0:f0ae:ec7d:3501:0
INFO         | Ignore IPv6 address: 18c9:ec7d:3501:0:f0ae:ec7d:3501:0
INFO         | Ignore IPv6 address: 18c9:ec7d:3501:0:f0ae:ec7d:3501:0
INFO         | Ignore IPv6 address: 18c9:ec7d:3501:0:f0ae:ec7d:3501:0
INFO         | IPv4 server found: 192.168.1.1
INFO         | Ignore IPv6 address: 8b5:ec7d:3501:0:f0ae:ec7d:3501:0
INFO         | Ignore IPv6 address: 8b5:ec7d:3501:0:f0ae:ec7d:3501:0
INFO         | Ignore IPv6 address: 8b5:ec7d:3501:0:f0ae:ec7d:3501:0
INFO         | Ignore IPv6 address: 20bb:ec7d:3501:0:f0ae:ec7d:3501:0
INFO         | Ignore IPv6 address: 20bb:ec7d:3501:0:f0ae:ec7d:3501:0
INFO         | Ignore IPv6 address: 20bb:ec7d:3501:0:f0ae:ec7d:3501:0
INFO         | Ignore IPv6 address: 18c9:ec7d:3501:0:f0ae:ec7d:3501:0
INFO         | Ignore IPv6 address: 18c9:ec7d:3501:0:f0ae:ec7d:3501:0
INFO         | Ignore IPv6 address: 18c9:ec7d:3501:0:f0ae:ec7d:3501:0
INFO         | IPv4 server found: 192.168.1.1
INFO         | Ignore IPv6 address: 8b5:ec7d:3501:0:f0ae:ec7d:3501:0
INFO         | Ignore IPv6 address: 8b5:ec7d:3501:0:f0ae:ec7d:3501:0
INFO         | Ignore IPv6 address: 8b5:ec7d:3501:0:f0ae:ec7d:3501:0
INFO         | Ignore IPv6 address: 20bb:ec7d:3501:0:f0ae:ec7d:3501:0
INFO         | Ignore IPv6 address: 20bb:ec7d:3501:0:f0ae:ec7d:3501:0
INFO         | Ignore IPv6 address: 20bb:ec7d:3501:0:f0ae:ec7d:3501:0
INFO         | Ignore IPv6 address: 18c9:ec7d:3501:0:f0ae:ec7d:3501:0
INFO         | Ignore IPv6 address: 18c9:ec7d:3501:0:f0ae:ec7d:3501:0
INFO         | Ignore IPv6 address: 18c9:ec7d:3501:0:f0ae:ec7d:3501:0
INFO         | Created VkInstance:000001366729A7B0 for application:'Chromium' engine:''.
INFO         | Created VkDevice:000001367B07E200 for application:'Chromium' instance:000001366729A7B0. ASTC emulation:on CPU decoding:off.
INFO         | IPv4 server found: 192.168.1.1
INFO         | Ignore IPv6 address: c8de:8d81:3601:0:b0d8:8d81:3601:0
INFO         | Ignore IPv6 address: c8de:8d81:3601:0:b0d8:8d81:3601:0
INFO         | Ignore IPv6 address: c8de:8d81:3601:0:b0d8:8d81:3601:0
INFO         | Ignore IPv6 address: e0e4:8d81:3601:0:b0d8:8d81:3601:0
INFO         | Ignore IPv6 address: e0e4:8d81:3601:0:b0d8:8d81:3601:0
INFO         | Ignore IPv6 address: e0e4:8d81:3601:0:b0d8:8d81:3601:0
INFO         | Ignore IPv6 address: d8f2:8d81:3601:0:b0d8:8d81:3601:0
INFO         | Ignore IPv6 address: d8f2:8d81:3601:0:b0d8:8d81:3601:0
INFO         | Ignore IPv6 address: d8f2:8d81:3601:0:b0d8:8d81:3601:0
INFO         | IPv4 server found: 192.168.1.1
INFO         | Ignore IPv6 address: c8de:8d81:3601:0:b0d8:8d81:3601:0
INFO         | Ignore IPv6 address: c8de:8d81:3601:0:b0d8:8d81:3601:0
INFO         | Ignore IPv6 address: c8de:8d81:3601:0:b0d8:8d81:3601:0
INFO         | Ignore IPv6 address: e0e4:8d81:3601:0:b0d8:8d81:3601:0
INFO         | Ignore IPv6 address: e0e4:8d81:3601:0:b0d8:8d81:3601:0
INFO         | Ignore IPv6 address: e0e4:8d81:3601:0:b0d8:8d81:3601:0
INFO         | Ignore IPv6 address: d8f2:8d81:3601:0:b0d8:8d81:3601:0
INFO         | Ignore IPv6 address: d8f2:8d81:3601:0:b0d8:8d81:3601:0
INFO         | Ignore IPv6 address: d8f2:8d81:3601:0:b0d8:8d81:3601:0
INFO         | IPv4 server found: 192.168.1.1
INFO         | Ignore IPv6 address: c8de:8d81:3601:0:b0d8:8d81:3601:0
INFO         | Ignore IPv6 address: c8de:8d81:3601:0:b0d8:8d81:3601:0
INFO         | Ignore IPv6 address: c8de:8d81:3601:0:b0d8:8d81:3601:0
INFO         | Ignore IPv6 address: e0e4:8d81:3601:0:b0d8:8d81:3601:0
INFO         | Ignore IPv6 address: e0e4:8d81:3601:0:b0d8:8d81:3601:0
INFO         | Ignore IPv6 address: e0e4:8d81:3601:0:b0d8:8d81:3601:0
INFO         | Ignore IPv6 address: d8f2:8d81:3601:0:b0d8:8d81:3601:0
INFO         | Ignore IPv6 address: d8f2:8d81:3601:0:b0d8:8d81:3601:0
INFO         | Ignore IPv6 address: d8f2:8d81:3601:0:b0d8:8d81:3601:0
INFO         | IPv4 server found: 192.168.1.1
INFO         | Ignore IPv6 address: 81c:7666:3601:0:f015:7666:3601:0
INFO         | Ignore IPv6 address: 81c:7666:3601:0:f015:7666:3601:0
INFO         | Ignore IPv6 address: 81c:7666:3601:0:f015:7666:3601:0
INFO         | Ignore IPv6 address: 2022:7666:3601:0:f015:7666:3601:0
INFO         | Ignore IPv6 address: 2022:7666:3601:0:f015:7666:3601:0
INFO         | Ignore IPv6 address: 2022:7666:3601:0:f015:7666:3601:0
INFO         | Ignore IPv6 address: 1830:7666:3601:0:f015:7666:3601:0
INFO         | Ignore IPv6 address: 1830:7666:3601:0:f015:7666:3601:0
INFO         | Ignore IPv6 address: 1830:7666:3601:0:f015:7666:3601:0
INFO         | IPv4 server found: 192.168.1.1
INFO         | Ignore IPv6 address: 81c:7666:3601:0:f015:7666:3601:0
INFO         | Ignore IPv6 address: 81c:7666:3601:0:f015:7666:3601:0
INFO         | Ignore IPv6 address: 81c:7666:3601:0:f015:7666:3601:0
INFO         | Ignore IPv6 address: 2022:7666:3601:0:f015:7666:3601:0
INFO         | Ignore IPv6 address: 2022:7666:3601:0:f015:7666:3601:0
INFO         | Ignore IPv6 address: 2022:7666:3601:0:f015:7666:3601:0
INFO         | Ignore IPv6 address: 1830:7666:3601:0:f015:7666:3601:0
INFO         | Ignore IPv6 address: 1830:7666:3601:0:f015:7666:3601:0
INFO         | Ignore IPv6 address: 1830:7666:3601:0:f015:7666:3601:0
INFO         | IPv4 server found: 192.168.1.1
INFO         | Ignore IPv6 address: 81c:7666:3601:0:f015:7666:3601:0
INFO         | Ignore IPv6 address: 81c:7666:3601:0:f015:7666:3601:0
INFO         | Ignore IPv6 address: 81c:7666:3601:0:f015:7666:3601:0
INFO         | Ignore IPv6 address: 2022:7666:3601:0:f015:7666:3601:0
INFO         | Ignore IPv6 address: 2022:7666:3601:0:f015:7666:3601:0
INFO         | Ignore IPv6 address: 2022:7666:3601:0:f015:7666:3601:0
INFO         | Ignore IPv6 address: 1830:7666:3601:0:f015:7666:3601:0
INFO         | Ignore IPv6 address: 1830:7666:3601:0:f015:7666:3601:0
INFO         | Ignore IPv6 address: 1830:7666:3601:0:f015:7666:3601:0
INFO         | Wait for emulator (pid 77848) 20 seconds to shutdown gracefully before kill;you can set environment variable ANDROID_EMULATOR_WAIT_TIME_BEFORE_KILL(in seconds) to change the default value (20 seconds)

WARNING      | Not saving state: RAM not mapped as shared
INFO         | Saving snapshot 'default_boot' using 3 ms
INFO         | Wait for emulator (pid 77848) 20 seconds to shutdown gracefully before kill;you can set environment variable ANDROID_EMULATOR_WAIT_TIME_BEFORE_KILL(in seconds) to change the default value (20 seconds)

INFO         | Destroyed VkDevice:000001367B07E200
INFO         | Destroyed VkInstance:000001366729A7B0 for application:'Chromium' engine:''.
