INFO         | Android emulator version 36.3.10.0 (build_id 14472402) (CL:N/A)
INFO         | Graphics backend: gfxstream
DEBUG   | Current emulator version 36.3.10 is the same as the required version 36.3.10.
INFO         | Found AVD name 'Pixel_9_Pro'
INFO         | Found AVD target architecture: x86_64
INFO         | argv[0]: 'C:\Users\gevor\AppData\Local\Android\Sdk\emulator\emulator.exe'; program directory: 'C:\Users\gevor\AppData\Local\Android\Sdk\emulator'
INFO         | Found systemPath C:\Users\gevor\AppData\Local\Android\Sdk\system-images\android-35\google_apis_playstore\x86_64\
DEBUG   | autoconfig: -skin pixel_9_pro
DEBUG   | autoconfig: -skindir C:\Users\gevor\AppData\Local\Android\Sdk\skins\
DEBUG   | init, loading C:\Users\gevor\AppData\Local\Android\Sdk\emulator\lib\advancedFeatures.ini
DEBUG   | autoconfig: -kernel C:\Users\gevor\AppData\Local\Android\Sdk\system-images\android-35\google_apis_playstore\x86_64\\kernel-ranchu
DEBUG   | Target arch = 'x86_64'
DEBUG   | Auto-detect: Kernel image requires new device naming scheme.
DEBUG   | Auto-detect: Kernel does not support YAFFS2 partitions.
DEBUG   | autoconfig: -ramdisk C:\Users\gevor\AppData\Local\Android\Sdk\system-images\android-35\google_apis_playstore\x86_64\\ramdisk.img
DEBUG   | Using initial system image: C:\Users\gevor\AppData\Local\Android\Sdk\system-images\android-35\google_apis_playstore\x86_64\\system.img
DEBUG   | Using initial vendor image: C:\Users\gevor\AppData\Local\Android\Sdk\system-images\android-35\google_apis_playstore\x86_64\\vendor.img
DEBUG   | autoconfig: -data C:\Users\gevor\.android\avd\..\avd\Pixel_9_Pro.avd\userdata-qemu.img
DEBUG   | autoconfig: -initdata (null)
DEBUG   | autoconfig: -cache C:\Users\gevor\.android\avd\..\avd\Pixel_9_Pro.avd\cache.img
DEBUG   | autoconfig: -sdcard C:\Users\gevor\.android\avd\..\avd\Pixel_9_Pro.avd\sdcard.img
DEBUG   | foldable or large screen devices with api >=33 is set to have minimum ram 3G
INFO         | Increasing RAM size to 3072MB
DEBUG   | VM heap size 256MB is below hardware specified minimum of 576MB,setting it to that value
DEBUG   | System image is read only
INFO         | IPv4 server found: 192.168.1.1
INFO         | Ignore IPv6 address: 98ab:de19:6c02:0:50a5:de19:6c02:0
INFO         | Ignore IPv6 address: 98ab:de19:6c02:0:50a5:de19:6c02:0
INFO         | Ignore IPv6 address: 98ab:de19:6c02:0:50a5:de19:6c02:0
INFO         | Ignore IPv6 address: b0b1:de19:6c02:0:50a5:de19:6c02:0
INFO         | Ignore IPv6 address: b0b1:de19:6c02:0:50a5:de19:6c02:0
INFO         | Ignore IPv6 address: b0b1:de19:6c02:0:50a5:de19:6c02:0
INFO         | Ignore IPv6 address: a8bf:de19:6c02:0:50a5:de19:6c02:0
INFO         | Ignore IPv6 address: a8bf:de19:6c02:0:50a5:de19:6c02:0
INFO         | Ignore IPv6 address: a8bf:de19:6c02:0:50a5:de19:6c02:0
DEBUG   | Found 1 DNS servers:
DEBUG   | 	192.168.1.1
INFO         | Guest GLES Driver: Auto (ext controls)
DEBUG   | emuglConfig_init: denylisted=0 has_guest_renderer=1, mode: auto, option: swiftshader_indirect

library_mode swiftshader_indirect gpu mode swiftshader_indirect
DEBUG   | setCurrentRenderer: swiftshader_indirect Swiftshader Indirect
DEBUG   | emuglConfig_init: GPU emulation enabled using 'swiftshader_indirect' mode

DEBUG   | GPU emulation enabled using 'swiftshader_indirect' mode
DEBUG   | Adding to the library search path: C:\Users\gevor\AppData\Local\Android\Sdk\emulator\lib64\gles_swiftshader

INFO         | Checking system compatibility:
INFO         |   Checking: hasCompatibleHypervisor
DEBUG   | Checking whether Windows Hypervisor Platform (WHPX) is available.
DEBUG   | WinHvPlatform.dll found. Looking for WHvGetCapability...
DEBUG   | WHvGetCapability found. Querying WHPX capabilities...
DEBUG   | WHPX (10.0.26200) is installed and usable.
INFO         |      Ok: Hypervisor compatibility to run avd: `Pixel_9_Pro` are met
INFO         |   Checking: hasSufficientSystem
INFO         |      Ok: System requirements to run avd: `Pixel_9_Pro` are met
INFO         |   Checking: hasSufficientHwGpu
INFO         |      Ok: Hardware GPU compatibility checks are not required
INFO         |   Checking: hasSufficientDiskSpace
INFO         |      Ok: Disk space requirements to run avd: `Pixel_9_Pro` are met
DEBUG   | Starting hostapd main loop.
FATAL        | Running multiple emulators with the same AVD is an experimental feature.Please use -read-only flag to enable this feature.
INFO         | emuDirName: 'C:\Users\gevor\AppData\Local\Android\Sdk\emulator'
INFO         | try dir C:\Users\gevor\AppData\Local\Android\Sdk\emulator
INFO         | Trying emulator path 'C:\Users\gevor\AppData\Local\Android\Sdk\emulator\qemu\windows-x86_64\qemu-system-x86_64-headless.exe'
INFO         | Found target-specific 64-bit emulator binary: C:\Users\gevor\AppData\Local\Android\Sdk\emulator\qemu\windows-x86_64\qemu-system-x86_64-headless.exe
INFO         | Adding library search path: 'C:\Users\gevor\AppData\Local\Android\Sdk\emulator\lib64'
INFO         | Adding library search path: 'C:\Users\gevor\AppData\Local\Android\Sdk\emulator\lib64\gles_swiftshader'
INFO         | Adding library search path: 'C:\Users\gevor\AppData\Local\Android\Sdk\emulator\lib64\vulkan'
INFO         | Quoted param: [C:\Users\gevor\AppData\Local\Android\Sdk\emulator\qemu\windows-x86_64\qemu-system-x86_64-headless.exe]
INFO         | Quoted param: [-avd]
INFO         | Quoted param: [Pixel_9_Pro]
INFO         | Quoted param: [-no-window]
INFO         | Quoted param: [-no-audio]
INFO         | Quoted param: [-no-boot-anim]
INFO         | Quoted param: [-gpu]
INFO         | Quoted param: [swiftshader_indirect]
INFO         | Quoted param: [-no-snapshot-load]
INFO         | Quoted param: [-port]
INFO         | Quoted param: [5556]
INFO         | Quoted param: [-verbose]
DEBUG   | emulator: Running :C:\Users\gevor\AppData\Local\Android\Sdk\emulator\qemu\windows-x86_64\qemu-system-x86_64-headless.exe
DEBUG   | qemu backend: argv[00] = "C:\Users\gevor\AppData\Local\Android\Sdk\emulator\qemu\windows-x86_64\qemu-system-x86_64-headless.exe"
DEBUG   | qemu backend: argv[01] = "-avd"
DEBUG   | qemu backend: argv[02] = "Pixel_9_Pro"
DEBUG   | qemu backend: argv[03] = "-no-window"
DEBUG   | qemu backend: argv[04] = "-no-audio"
DEBUG   | qemu backend: argv[05] = "-no-boot-anim"
DEBUG   | qemu backend: argv[06] = "-gpu"
DEBUG   | qemu backend: argv[07] = "swiftshader_indirect"
DEBUG   | qemu backend: argv[08] = "-no-snapshot-load"
DEBUG   | qemu backend: argv[09] = "-port"
DEBUG   | qemu backend: argv[10] = "5556"
DEBUG   | qemu backend: argv[11] = "-verbose"
DEBUG   | Concatenated backend parameters:  C:\Users\gevor\AppData\Local\Android\Sdk\emulator\qemu\windows-x86_64\qemu-system-x86_64-headless.exe -avd Pixel_9_Pro -no-window -no-audio -no-boot-anim -gpu swiftshader_indirect -no-snapshot-load -port 5556 -verbose
